---
source: crates/synd_o11y/src/tracing_subscriber/otel_trace/mod.rs
description: trace resource
expression: "req.resource_spans[0].resource"
---
attributes:
  - key: service.name
    value:
      stringValue: test
droppedAttributesCount: 0
