---
source: crates/synd_o11y/src/tracing_subscriber/otel_log/mod.rs
description: " log 1 resource"
expression: log1.resource
---
attributes:
  - key: service.name
    value:
      stringValue: test
  - key: telemetry.sdk.language
    value:
      stringValue: rust
  - key: telemetry.sdk.name
    value:
      stringValue: opentelemetry
  - key: telemetry.sdk.version
    value:
      stringValue: 0.29.0
droppedAttributesCount: 0
