---
source: crates/synd_o11y/src/tracing_subscriber/otel_log/mod.rs
description: " log 1 record"
expression: record
---
timeUnixNano: "0"
observedTimeUnixNano: "[OBSERVED_TIME_UNIX_NANO]"
severityNumber: 9
severityText: INFO
body:
  stringValue: f1_message
attributes: []
droppedAttributesCount: 0
flags: 0
traceId: ""
spanId: ""
